I'm sorry, but errors were detected in your script. Please correct the
errors listed below, and try again.


File "game/script.rpy", line 739: menu statement expects a non-empty block.
    menu:
        ^

File "game/script.rpy", line 740: expected statement.
    "Restart Adventure?":
                        ^

File "game/script.rpy", line 751: expected statement.
    "Exit...":
             ^

Ren'Py Version: Ren'Py 8.5.2.26010301
Mon May 25 20:06:25 2026
